main.c:151:6:HAL_UART_TxCpltCallback	16	static
main.c:157:6:HAL_UART_RxCpltCallback	16	static
main.c:192:5:main	144	static
main.c:515:6:SystemClock_Config	152	static
main.c:566:13:MX_ADC1_Init	56	static
main.c:631:13:MX_ADC2_Init	40	static
main.c:688:13:MX_I2C1_Init	8	static
main.c:734:13:MX_TIM1_Init	120	static
main.c:816:13:MX_TIM2_Init	40	static
main.c:861:13:MX_TIM3_Init	64	static
main.c:920:13:MX_TIM4_Init	40	static
main.c:965:13:MX_USART1_UART_Init	8	static
main.c:1013:13:MX_USART2_UART_Init	8	static
main.c:1060:13:MX_DMA_Init	16	static
main.c:1079:13:MX_GPIO_Init	40	static
main.c:1128:6:Error_Handler	4	static
