main.c:143:6:HAL_UART_TxCpltCallback	16	static
main.c:154:6:HAL_UART_RxCpltCallback	16	static
main.c:190:5:main	128	static
main.c:469:6:SystemClock_Config	152	static
main.c:520:13:MX_ADC1_Init	56	static
main.c:585:13:MX_ADC2_Init	40	static
main.c:642:13:MX_I2C1_Init	8	static
main.c:688:13:MX_TIM1_Init	120	static
main.c:770:13:MX_TIM2_Init	40	static
main.c:815:13:MX_TIM3_Init	64	static
main.c:874:13:MX_TIM4_Init	40	static
main.c:919:13:MX_USART1_UART_Init	8	static
main.c:967:13:MX_USART2_UART_Init	8	static
main.c:1014:13:MX_DMA_Init	16	static
main.c:1033:13:MX_GPIO_Init	40	static
main.c:1082:6:Error_Handler	4	static
